Repaired 1 tiny bin endpoint gap(s) conservatively.
bin   0: D <= [1.44389683889685495779329 +/- 2.25e-24]  OK  nodes=1203 amb=44 roots=20
bin   1: D <= [1.48877141861530635738842 +/- 4.43e-24]  OK  nodes=1143 amb=40 roots=20
bin   2: D <= [1.52936181360116103634412 +/- 1.89e-24]  OK  nodes=963 amb=40 roots=20
bin   3: D <= [1.57111726979452060392236 +/- 4.74e-24]  OK  nodes=535 amb=28 roots=14
bin   4: D <= [1.61127344202076872205629 +/- 1.50e-24]  OK  nodes=623 amb=28 roots=14
bin   5: D <= [1.64972388138039756692901 +/- 1.96e-24]  OK  nodes=729 amb=44 roots=14
bin   6: D <= [1.68659259864282302034468 +/- 4.92e-24]  OK  nodes=1041 amb=59 roots=12
bin   7: D <= [1.72537111183974314531841 +/- 1.10e-24]  OK  nodes=1091 amb=73 roots=16
bin   8: D <= [1.76627306721334634693566 +/- 3.16e-25]  OK  nodes=993 amb=62 roots=14
bin   9: D <= [1.80939789409840306082173 +/- 4.04e-24]  OK  nodes=1013 amb=88 roots=14
bin  10: D <= [1.84706223888574347079426 +/- 2.59e-24]  OK  nodes=1095 amb=186 roots=16
bin  11: D <= [1.87666546045379752799578 +/- 2.23e-24]  OK  nodes=501 amb=28 roots=14
bin  12: D <= [1.90634559842033941920279 +/- 1.32e-24]  OK  nodes=846 amb=87 roots=16
bin  13: D <= [1.93625245085450775298583 +/- 2.10e-24]  OK  nodes=845 amb=99 roots=16
bin  14: D <= [1.96652789941137098553626 +/- 4.63e-24]  OK  nodes=649 amb=37 roots=16
bin  15: D <= [1.99654450758927504967460 +/- 2.37e-25]  OK  nodes=1451 amb=55 roots=20
bin  16: D <= [2.00565923165724655340090 +/- 4.58e-24]  OK  nodes=1555 amb=50 roots=25
bin  17: D <= [2.01217943505203357459434 +/- 1.59e-25]  OK  nodes=1389 amb=50 roots=25
bin  18: D <= [2.01883224209866021549178 +/- 3.39e-25]  OK  nodes=1359 amb=50 roots=25
bin  19: D <= [2.02561810339322640864861 +/- 6.51e-25]  OK  nodes=1291 amb=50 roots=25
bin  20: D <= [2.03246427926549484854010 +/- 3.55e-24]  OK  nodes=1303 amb=50 roots=25
bin  21: D <= [2.03895035266666333057361 +/- 3.72e-24]  OK  nodes=1331 amb=50 roots=25
bin  22: D <= [2.04538733129113096664358 +/- 4.53e-24]  OK  nodes=1335 amb=50 roots=25
bin  23: D <= [2.05197782767019870575959 +/- 2.33e-24]  OK  nodes=1327 amb=50 roots=25
bin  24: D <= [2.05872676749776408813621 +/- 2.76e-24]  OK  nodes=1331 amb=50 roots=25
bin  25: D <= [2.06564000051388621201403 +/- 8.96e-25]  OK  nodes=1341 amb=50 roots=25
bin  26: D <= [2.07272051795509753159719 +/- 1.08e-24]  OK  nodes=1319 amb=50 roots=25
bin  27: D <= [2.07997304361527621021417 +/- 6.12e-25]  OK  nodes=1305 amb=50 roots=25
bin  28: D <= [2.08740133191644425394259 +/- 1.80e-24]  OK  nodes=1305 amb=50 roots=25
bin  29: D <= [2.09501039881995222885709 +/- 2.12e-24]  OK  nodes=1277 amb=50 roots=25
bin  30: D <= [2.10280457081061583498330 +/- 3.08e-24]  OK  nodes=1265 amb=50 roots=25
bin  31: D <= [2.11078792622115352235813 +/- 2.46e-24]  OK  nodes=1263 amb=50 roots=25
bin  32: D <= [2.11896464696277708103185 +/- 1.74e-25]  OK  nodes=1263 amb=50 roots=25
bin  33: D <= [2.12733869093378827726289 +/- 2.73e-24]  OK  nodes=1245 amb=50 roots=25
bin  34: D <= [2.13591426936538575738130 +/- 4.39e-24]  OK  nodes=1239 amb=50 roots=25
bin  35: D <= [2.14469561626570436483295 +/- 2.13e-24]  OK  nodes=1235 amb=50 roots=25
bin  36: D <= [2.15368693618725274061125 +/- 3.88e-24]  OK  nodes=1213 amb=50 roots=25
bin  37: D <= [2.16289288841557610257197 +/- 4.66e-24]  OK  nodes=1217 amb=50 roots=25
bin  38: D <= [2.17231459604123325615164 +/- 9.16e-25]  OK  nodes=1199 amb=50 roots=25
bin  39: D <= [2.18196190808035838894300 +/- 4.15e-24]  OK  nodes=1193 amb=50 roots=25
bin  40: D <= [2.19183388127537307447964 +/- 1.43e-24]  OK  nodes=1187 amb=50 roots=25
bin  41: D <= [2.20193697466142419307982 +/- 1.22e-24]  OK  nodes=1187 amb=50 roots=25
bin  42: D <= [2.21227532806736531973030 +/- 3.88e-24]  OK  nodes=1173 amb=50 roots=25
bin  43: D <= [2.22285136645515667622523 +/- 4.38e-24]  OK  nodes=1149 amb=50 roots=25
bin  44: D <= [2.23366769162633227991708 +/- 2.58e-24]  OK  nodes=1157 amb=50 roots=25
bin  45: D <= [2.24460316245885050022930 +/- 2.44e-24]  OK  nodes=1085 amb=46 roots=23
bin  46: D <= [2.25548181340672090515619 +/- 4.51e-24]  OK  nodes=1047 amb=42 roots=21
bin  47: D <= [2.26654767612188462402914 +/- 2.16e-24]  OK  nodes=1079 amb=42 roots=21
bin  48: D <= [2.27781321320650621822833 +/- 3.49e-24]  OK  nodes=1142 amb=41 roots=21
bin  49: D <= [2.28825149267773228025881 +/- 1.44e-24]  OK  nodes=1141 amb=40 roots=20
bin  50: D <= [2.29857244957341233790666 +/- 4.70e-24]  OK  nodes=1161 amb=40 roots=20
bin  51: D <= [2.30890004595759659240194 +/- 1.26e-24]  OK  nodes=1213 amb=44 roots=22
bin  52: D <= [2.31940963461024989850724 +/- 3.02e-24]  OK  nodes=1223 amb=44 roots=22
bin  53: D <= [2.33014269688919440470091 +/- 3.72e-24]  OK  nodes=1273 amb=44 roots=22
bin  54: D <= [2.34096481121665010976150 +/- 5.79e-25]  OK  nodes=1345 amb=48 roots=24
bin  55: D <= [2.35178691363069683901604 +/- 6.98e-25]  OK  nodes=1315 amb=48 roots=24
bin  56: D <= [2.36292223816286783597388 +/- 1.95e-25]  OK  nodes=1299 amb=48 roots=24
bin  57: D <= [2.37437812141511853040017 +/- 3.35e-24]  OK  nodes=1304 amb=50 roots=24
bin  58: D <= [2.38616355436842989407520 +/- 9.27e-26]  OK  nodes=1306 amb=48 roots=24
bin  59: D <= [2.39828617146094480598052 +/- 2.82e-24]  OK  nodes=1306 amb=48 roots=24
bin  60: D <= [2.41075444784219902012582 +/- 2.21e-24]  OK  nodes=1292 amb=50 roots=24
bin  61: D <= [2.42327109045121437332334 +/- 2.84e-24]  OK  nodes=1339 amb=48 roots=24
bin  62: D <= [2.43572048912609489049311 +/- 3.15e-24]  OK  nodes=1445 amb=48 roots=24
bin  63: D <= [2.44832450056941866739725 +/- 2.34e-24]  OK  nodes=1565 amb=48 roots=24
bin  64: D <= [2.46114376316621196937844 +/- 1.14e-24]  OK  nodes=1741 amb=48 roots=24
bin  65: D <= [2.47422943662522526789392 +/- 2.64e-24]  OK  nodes=2021 amb=48 roots=24
bin  66: D <= [2.48761458694990447117190 +/- 4.93e-24]  OK  nodes=2469 amb=52 roots=24
bin  67: D <= [2.50130909548058711111309 +/- 4.64e-24]  OK  nodes=1441 amb=44 roots=22
bin  68: D <= [2.51532079991745394243139 +/- 2.41e-24]  OK  nodes=1469 amb=44 roots=22
bin  69: D <= [2.52974126422389946098476 +/- 2.80e-24]  OK  nodes=1503 amb=44 roots=22
bin  70: D <= [2.54448393821080519060689 +/- 4.42e-24]  OK  nodes=1397 amb=44 roots=22
bin  71: D <= [2.55927254642443304154104 +/- 4.86e-24]  OK  nodes=1463 amb=44 roots=22
bin  72: D <= [2.57401945425267424291347 +/- 4.69e-24]  OK  nodes=1767 amb=44 roots=22
bin  73: D <= [2.58893369028795436574940 +/- 3.33e-24]  OK  nodes=1253 amb=40 roots=20
bin  74: D <= [2.60292620801067976165957 +/- 9.92e-25]  OK  nodes=1263 amb=44 roots=22
bin  75: D <= [2.61522762493701567257794 +/- 1.79e-24]  OK  nodes=1311 amb=44 roots=22
bin  76: D <= [2.62324023917089213751070 +/- 3.42e-24]  OK  nodes=1149 amb=44 roots=22
bin  77: D <= [2.62753853087337579007905 +/- 3.06e-24]  OK  nodes=1625 amb=44 roots=22
bin  78: D <= [2.61332088101204386947216 +/- 2.82e-24]  OK  nodes=8065 amb=306 roots=42
bin  79: D <= [2.61637189911389957496697 +/- 1.35e-24]  OK  nodes=6637 amb=241 roots=42
bin  80: D <= [2.61906002091771422571444 +/- 2.79e-24]  OK  nodes=6485 amb=156 roots=46
bin  81: D <= [2.62162319809707538317382 +/- 2.39e-24]  OK  nodes=7671 amb=208 roots=46
bin  82: D <= [2.62401814691771887458338 +/- 3.10e-24]  OK  nodes=9793 amb=425 roots=42
bin  83: D <= [2.62601064888933521026510 +/- 2.71e-24]  OK  nodes=7943 amb=242 roots=44
bin  84: D <= [2.62733646042028178135353 +/- 1.02e-24]  OK  nodes=5989 amb=109 roots=44
bin  87: D <= [2.62733646042028178150038 +/- 3.79e-24]  OK  nodes=5989 amb=109 roots=44
bin  88: D <= [2.62601064888933521086826 +/- 1.12e-24]  OK  nodes=7943 amb=242 roots=44
bin  89: D <= [2.62401814691771887940083 +/- 3.48e-25]  OK  nodes=9793 amb=425 roots=42
bin  90: D <= [2.62162319809707538163934 +/- 2.63e-24]  OK  nodes=7671 amb=208 roots=46
bin  91: D <= [2.61906002091771422603146 +/- 1.26e-24]  OK  nodes=6485 amb=156 roots=46
bin  92: D <= [2.61637189911389957466476 +/- 7.56e-25]  OK  nodes=6637 amb=241 roots=42
bin  93: D <= [2.61332088101204386937625 +/- 7.99e-25]  OK  nodes=8065 amb=306 roots=42
bin  94: D <= [2.62753853087337577171517 +/- 2.25e-24]  OK  nodes=1625 amb=44 roots=22
bin  95: D <= [2.62324023917089205719492 +/- 5.51e-25]  OK  nodes=1149 amb=44 roots=22
bin  96: D <= [2.61522762493701556425212 +/- 1.02e-24]  OK  nodes=1311 amb=44 roots=22
bin  97: D <= [2.60292620801067978366272 +/- 1.02e-24]  OK  nodes=1263 amb=44 roots=22
bin  98: D <= [2.58893369028795446182643 +/- 1.64e-24]  OK  nodes=1253 amb=40 roots=20
bin  99: D <= [2.57401945616290746175412 +/- 4.75e-24]  OK  nodes=1763 amb=44 roots=22
bin 100: D <= [2.55927254642443290400353 +/- 2.58e-24]  OK  nodes=1463 amb=44 roots=22
bin 101: D <= [2.54448393821080506574447 +/- 4.56e-24]  OK  nodes=1397 amb=44 roots=22
bin 102: D <= [2.52974126422389945833371 +/- 3.91e-24]  OK  nodes=1503 amb=44 roots=22
bin 103: D <= [2.51532080073424105337123 +/- 4.17e-24]  OK  nodes=1465 amb=44 roots=22
bin 104: D <= [2.50130909468001619119488 +/- 4.85e-24]  OK  nodes=1445 amb=44 roots=22
bin 105: D <= [2.48761458694990434331661 +/- 1.16e-25]  OK  nodes=2469 amb=52 roots=24
bin 106: D <= [2.47422943662522517839476 +/- 9.21e-25]  OK  nodes=2021 amb=48 roots=24
bin 107: D <= [2.46114376159486424934794 +/- 1.14e-24]  OK  nodes=1745 amb=48 roots=24
bin 108: D <= [2.44832450056941845370176 +/- 3.38e-24]  OK  nodes=1565 amb=48 roots=24
bin 109: D <= [2.43572049048868477773945 +/- 3.03e-24]  OK  nodes=1441 amb=48 roots=24
bin 110: D <= [2.42327109045121423593610 +/- 3.19e-24]  OK  nodes=1339 amb=48 roots=24
bin 111: D <= [2.41075444784219881502377 +/- 4.24e-24]  OK  nodes=1292 amb=50 roots=24
bin 112: D <= [2.39828617146094492237451 +/- 7.11e-25]  OK  nodes=1306 amb=48 roots=24
bin 113: D <= [2.38616355436842970951383 +/- 4.83e-24]  OK  nodes=1306 amb=48 roots=24
bin 114: D <= [2.37437812141511823213216 +/- 6.87e-26]  OK  nodes=1304 amb=50 roots=24
bin 115: D <= [2.36292223816286777328746 +/- 2.67e-24]  OK  nodes=1299 amb=48 roots=24
bin 116: D <= [2.35178691363069668374212 +/- 3.79e-24]  OK  nodes=1315 amb=48 roots=24
bin 117: D <= [2.34096481154830007386486 +/- 4.05e-24]  OK  nodes=1341 amb=48 roots=24
bin 118: D <= [2.33014269673932911564520 +/- 2.17e-24]  OK  nodes=1277 amb=44 roots=22
bin 119: D <= [2.31940963419752091047795 +/- 2.77e-24]  OK  nodes=1227 amb=44 roots=22
bin 120: D <= [2.30890004595759651255326 +/- 3.74e-24]  OK  nodes=1213 amb=44 roots=22
bin 121: D <= [2.29857244957341217799444 +/- 2.91e-24]  OK  nodes=1161 amb=40 roots=20
bin 122: D <= [2.28825149267773238900334 +/- 2.51e-26]  OK  nodes=1141 amb=40 roots=20
bin 123: D <= [2.27781321320650602685006 +/- 1.48e-25]  OK  nodes=1142 amb=41 roots=21
bin 124: D <= [2.26654767612188435132264 +/- 9.30e-26]  OK  nodes=1079 amb=42 roots=21
bin 125: D <= [2.25548181340672081994361 +/- 3.21e-24]  OK  nodes=1047 amb=42 roots=21
bin 126: D <= [2.24460316280976661347573 +/- 2.82e-24]  OK  nodes=1077 amb=46 roots=23
bin 127: D <= [2.23366769162633236743056 +/- 3.60e-24]  OK  nodes=1157 amb=50 roots=25
bin 128: D <= [2.22285136645515641631669 +/- 2.84e-24]  OK  nodes=1149 amb=50 roots=25
bin 129: D <= [2.21227532826727021324935 +/- 1.90e-24]  OK  nodes=1169 amb=50 roots=25
bin 130: D <= [2.20193697466142414599066 +/- 3.98e-24]  OK  nodes=1187 amb=50 roots=25
bin 131: D <= [2.19183388094453689445630 +/- 4.05e-24]  OK  nodes=1195 amb=50 roots=25
bin 132: D <= [2.18196190826789476608340 +/- 1.39e-24]  OK  nodes=1189 amb=50 roots=25
bin 133: D <= [2.17231459604123314314632 +/- 3.75e-24]  OK  nodes=1199 amb=50 roots=25
bin 134: D <= [2.16289288841557587635415 +/- 4.68e-24]  OK  nodes=1217 amb=50 roots=25
bin 135: D <= [2.15368693618725261107217 +/- 2.52e-24]  OK  nodes=1213 amb=50 roots=25
bin 136: D <= [2.14469561625049439861595 +/- 3.87e-24]  OK  nodes=1235 amb=50 roots=25
bin 137: D <= [2.13591426923585756319364 +/- 1.58e-24]  OK  nodes=1243 amb=50 roots=25
bin 138: D <= [2.12733869122816424406221 +/- 2.79e-24]  OK  nodes=1237 amb=50 roots=25
bin 139: D <= [2.11896464697341009053553 +/- 4.22e-24]  OK  nodes=1263 amb=50 roots=25
bin 140: D <= [2.11078792607400379028270 +/- 3.64e-24]  OK  nodes=1267 amb=50 roots=25
bin 141: D <= [2.10280457063640763564512 +/- 4.66e-24]  OK  nodes=1269 amb=50 roots=25
bin 142: D <= [2.09501039865104174554131 +/- 2.29e-24]  OK  nodes=1281 amb=50 roots=25
bin 143: D <= [2.08740133189934567630911 +/- 1.02e-24]  OK  nodes=1305 amb=50 roots=25
bin 144: D <= [2.07997304347009930325912 +/- 1.80e-24]  OK  nodes=1309 amb=50 roots=25
bin 145: D <= [2.07272051795509736471544 +/- 4.57e-24]  OK  nodes=1319 amb=50 roots=25
bin 146: D <= [2.06564000051388620643916 +/- 2.49e-24]  OK  nodes=1341 amb=50 roots=25
bin 147: D <= [2.05872676748948898598424 +/- 3.02e-24]  OK  nodes=1331 amb=50 roots=25
bin 148: D <= [2.05197782767019854796334 +/- 1.41e-24]  OK  nodes=1327 amb=50 roots=25
bin 149: D <= [2.04538733129113078009553 +/- 2.25e-24]  OK  nodes=1335 amb=50 roots=25
bin 150: D <= [2.03895035266666319516088 +/- 1.50e-25]  OK  nodes=1331 amb=50 roots=25
bin 151: D <= [2.03246427890192566111583 +/- 3.31e-24]  OK  nodes=1311 amb=50 roots=25
bin 152: D <= [2.02561810362476579859902 +/- 1.17e-24]  OK  nodes=1287 amb=50 roots=25
bin 153: D <= [2.01883224183333360349030 +/- 9.45e-25]  OK  nodes=1367 amb=50 roots=25
bin 154: D <= [2.01217943481659581362492 +/- 1.43e-24]  OK  nodes=1397 amb=50 roots=25
bin 155: D <= [2.00565923154919258042499 +/- 1.86e-25]  OK  nodes=1559 amb=50 roots=25
bin 156: D <= [1.99654450758927495476054 +/- 1.62e-24]  OK  nodes=1451 amb=55 roots=20
bin 157: D <= [1.96652788240271021506550 +/- 3.74e-24]  OK  nodes=764 amb=34 roots=16
bin 158: D <= [1.93625214187968857649861 +/- 4.22e-25]  OK  nodes=916 amb=105 roots=16
bin 159: D <= [1.90634553538868992156018 +/- 1.02e-24]  OK  nodes=1085 amb=132 roots=16
bin 160: D <= [1.87666540387997436415016 +/- 1.09e-24]  OK  nodes=949 amb=39 roots=14
bin 161: D <= [1.84706209377185082575902 +/- 4.51e-24]  OK  nodes=709 amb=25 roots=12
bin 162: D <= [1.80939822923465743957400 +/- 4.08e-24]  OK  nodes=1019 amb=65 roots=16
bin 163: D <= [1.76627304839429871517957 +/- 4.35e-24]  OK  nodes=1011 amb=60 roots=16
bin 164: D <= [1.72537074938950671308219 +/- 1.32e-24]  OK  nodes=1055 amb=62 roots=16
bin 165: D <= [1.68659205689870007922630 +/- 2.19e-24]  OK  nodes=1111 amb=62 roots=16
bin 166: D <= [1.64972369651447245647301 +/- 4.59e-24]  OK  nodes=401 amb=24 roots=12
bin 167: D <= [1.61127348911965547099767 +/- 3.71e-24]  OK  nodes=625 amb=28 roots=14
bin 168: D <= [1.57111712128309330937421 +/- 3.42e-24]  OK  nodes=537 amb=28 roots=14
bin 169: D <= [1.52936181360116100180188 +/- 2.27e-24]  OK  nodes=963 amb=40 roots=20
bin 170: D <= [1.48877141861530550461809 +/- 1.64e-25]  OK  nodes=1143 amb=40 roots=20
bin 171: D <= [1.44389683889685511051332 +/- 6.65e-25]  OK  nodes=1203 amb=44 roots=20

Arb verification summary
  target: 0.380557
  target_D: [2.62772725242210759492007767561758159750050583749 +/- 8.00e-48]
  worst_D_upper_ball: [2.62753853087337579007905305859243655581514372487417312061340 +/- 1.75e-60]
  certified_lower_bound_ball: [0.3805843333028524065867500769033221954577821950 +/- 8.08e-47]
  worst_bin_index: 77
  worst_bin: ['-0.03749999999999998', '-0.02499999999999991']
  total_nodes: 300267
  total_ambiguous_cells: 11105
  max_speed_roots: 46
  elapsed_seconds: 32.553088665008545
  arb_precision_bits: 160
SUCCESS: every checked bin certifies the target.
